[2025-04-17 16:35:49.559] warn: (Schema Integrity) api::about.about.info.displayName has a different data type
[2025-04-17 16:35:49.560] warn: (Schema Integrity) api::about.about.info.description does not exist on destination
[2025-04-17 16:35:49.560] warn: (Schema Integrity) api::conference.conference.attributes.date.type has a different data type
[2025-04-17 16:35:49.560] warn: (Schema Integrity) api::conference.conference.attributes.summary.type has a different data type
[2025-04-17 16:35:49.561] warn: (Schema Integrity) api::conference.conference.info.description does not exist on destination
[2025-04-17 16:35:49.561] warn: (Schema Integrity) api::international-collaboration.international-collaboration.attributes.PartnerInstitute.component has a different data type
[2025-04-17 16:35:49.561] warn: (Schema Integrity) api::international-collaboration.international-collaboration.attributes.PartnerScholar.repeatable has a different data type
[2025-04-17 16:35:49.562] warn: (Schema Integrity) api::international-collaboration.international-collaboration.attributes.PartnerScholar.component has a different data type
[2025-04-17 16:35:49.562] warn: (Schema Integrity) api::international-collaboration.international-collaboration.attributes.PartnerScholar.displayName does not exist on destination
[2025-04-17 16:35:49.562] warn: (Schema Integrity) api::international-collaboration.international-collaboration.info.description does not exist on source
[2025-04-17 16:35:49.563] warn: (Schema Integrity) api::research.research.collectionName has a different data type
[2025-04-17 16:35:49.563] warn: (Schema Integrity) api::research.research.info.pluralName has a different data type
[2025-04-17 16:35:49.563] warn: (Schema Integrity) api::research.research.attributes.date.type has a different data type
[2025-04-17 16:35:49.563] warn: (Schema Integrity) api::research.research.attributes.summary.type has a different data type
[2025-04-17 16:35:49.563] warn: (Schema Integrity) api::research.research.attributes.localizations.joinColumn.referencedTable has a different data type
[2025-04-17 16:35:49.563] warn: (Schema Integrity) api::research.research.info.description does not exist on destination
[2025-04-17 16:35:49.564] warn: (Schema Integrity) international-collaboration.partner-scholar does not exist on destination
[2025-04-17 16:35:49.564] warn: (Schema Integrity) international-collaboration.partner-institute does not exist on destination
[2025-04-17 16:35:49.564] warn: (Schema Integrity) partner-scholar.partner-scholar does not exist on source
[2025-04-17 16:35:49.564] warn: (Schema Integrity) partner-institute.partner-institute does not exist on source
[2025-04-17 16:36:11.908] error: [FATAL] Unresolved differences in schema
